{
  "https://www.cs.usfca.edu/~cs212/docs/jdk-13.0.2_doc-all/api/allclasses-index.html": 64145,
  "https://www.cs.usfca.edu/~cs212/docs/jdk-13.0.2_doc-all/api/deprecated-list.html": 13103,
  "https://www.cs.usfca.edu/~cs212/docs/jdk-13.0.2_doc-all/api/help-doc.html": 762,
  "https://www.cs.usfca.edu/~cs212/docs/jdk-13.0.2_doc-all/api/index-files/index-1.html": 44804,
  "https://www.cs.usfca.edu/~cs212/docs/jdk-13.0.2_doc-all/api/index.html": 895,
  "https://www.cs.usfca.edu/~cs212/docs/jdk-13.0.2_doc-all/api/java.base/java/lang/AbstractMethodError.html": 275,
  "https://www.cs.usfca.edu/~cs212/docs/jdk-13.0.2_doc-all/api/java.base/java/nio/channels/spi/AbstractInterruptibleChannel.html": 785,
  "https://www.cs.usfca.edu/~cs212/docs/jdk-13.0.2_doc-all/api/java.base/java/time/chrono/AbstractChronology.html": 1493,
  "https://www.cs.usfca.edu/~cs212/docs/jdk-13.0.2_doc-all/api/java.base/java/util/AbstractCollection.html": 2674,
  "https://www.cs.usfca.edu/~cs212/docs/jdk-13.0.2_doc-all/api/java.base/java/util/AbstractList.html": 3342,
  "https://www.cs.usfca.edu/~cs212/docs/jdk-13.0.2_doc-all/api/java.base/java/util/AbstractMap.SimpleEntry.html": 664,
  "https://www.cs.usfca.edu/~cs212/docs/jdk-13.0.2_doc-all/api/java.base/java/util/AbstractMap.SimpleImmutableEntry.html": 667,
  "https://www.cs.usfca.edu/~cs212/docs/jdk-13.0.2_doc-all/api/java.base/java/util/AbstractMap.html": 2848,
  "https://www.cs.usfca.edu/~cs212/docs/jdk-13.0.2_doc-all/api/java.base/java/util/AbstractQueue.html": 958,
  "https://www.cs.usfca.edu/~cs212/docs/jdk-13.0.2_doc-all/api/java.base/java/util/List.html": 5822,
  "https://www.cs.usfca.edu/~cs212/docs/jdk-13.0.2_doc-all/api/java.base/java/util/Queue.html": 1170,
  "https://www.cs.usfca.edu/~cs212/docs/jdk-13.0.2_doc-all/api/java.base/java/util/concurrent/AbstractExecutorService.html": 797,
  "https://www.cs.usfca.edu/~cs212/docs/jdk-13.0.2_doc-all/api/java.base/java/util/concurrent/ExecutorService.html": 2010,
  "https://www.cs.usfca.edu/~cs212/docs/jdk-13.0.2_doc-all/api/java.base/java/util/concurrent/locks/AbstractOwnableSynchronizer.html": 358,
  "https://www.cs.usfca.edu/~cs212/docs/jdk-13.0.2_doc-all/api/java.compiler/javax/annotation/processing/AbstractProcessor.html": 751,
  "https://www.cs.usfca.edu/~cs212/docs/jdk-13.0.2_doc-all/api/java.compiler/javax/lang/model/SourceVersion.html": 1538,
  "https://www.cs.usfca.edu/~cs212/docs/jdk-13.0.2_doc-all/api/java.compiler/javax/lang/model/util/AbstractAnnotationValueVisitor6.html": 628,
  "https://www.cs.usfca.edu/~cs212/docs/jdk-13.0.2_doc-all/api/java.compiler/javax/lang/model/util/AbstractAnnotationValueVisitor7.html": 412,
  "https://www.cs.usfca.edu/~cs212/docs/jdk-13.0.2_doc-all/api/java.compiler/javax/lang/model/util/AbstractAnnotationValueVisitor8.html": 392,
  "https://www.cs.usfca.edu/~cs212/docs/jdk-13.0.2_doc-all/api/java.compiler/javax/lang/model/util/AbstractAnnotationValueVisitor9.html": 390,
  "https://www.cs.usfca.edu/~cs212/docs/jdk-13.0.2_doc-all/api/java.compiler/javax/lang/model/util/AbstractElementVisitor6.html": 692,
  "https://www.cs.usfca.edu/~cs212/docs/jdk-13.0.2_doc-all/api/java.compiler/javax/lang/model/util/AbstractElementVisitor7.html": 426,
  "https://www.cs.usfca.edu/~cs212/docs/jdk-13.0.2_doc-all/api/java.compiler/javax/lang/model/util/AbstractElementVisitor8.html": 406,
  "https://www.cs.usfca.edu/~cs212/docs/jdk-13.0.2_doc-all/api/java.compiler/javax/lang/model/util/AbstractElementVisitor9.html": 463,
  "https://www.cs.usfca.edu/~cs212/docs/jdk-13.0.2_doc-all/api/java.desktop/java/awt/desktop/AboutEvent.html": 229,
  "https://www.cs.usfca.edu/~cs212/docs/jdk-13.0.2_doc-all/api/java.desktop/java/awt/desktop/AboutHandler.html": 200,
  "https://www.cs.usfca.edu/~cs212/docs/jdk-13.0.2_doc-all/api/java.desktop/java/awt/image/AbstractMultiResolutionImage.html": 696,
  "https://www.cs.usfca.edu/~cs212/docs/jdk-13.0.2_doc-all/api/java.desktop/javax/swing/AbstractAction.html": 1050,
  "https://www.cs.usfca.edu/~cs212/docs/jdk-13.0.2_doc-all/api/java.desktop/javax/swing/AbstractButton.html": 6370,
  "https://www.cs.usfca.edu/~cs212/docs/jdk-13.0.2_doc-all/api/java.desktop/javax/swing/AbstractCellEditor.html": 576,
  "https://www.cs.usfca.edu/~cs212/docs/jdk-13.0.2_doc-all/api/java.desktop/javax/swing/AbstractListModel.html": 891,
  "https://www.cs.usfca.edu/~cs212/docs/jdk-13.0.2_doc-all/api/java.desktop/javax/swing/border/AbstractBorder.html": 925,
  "https://www.cs.usfca.edu/~cs212/docs/jdk-13.0.2_doc-all/api/java.desktop/javax/swing/colorchooser/AbstractColorChooserPanel.html": 1489,
  "https://www.cs.usfca.edu/~cs212/docs/jdk-13.0.2_doc-all/api/java.desktop/javax/swing/text/AbstractDocument.AttributeContext.html": 539,
  "https://www.cs.usfca.edu/~cs212/docs/jdk-13.0.2_doc-all/api/java.desktop/javax/swing/text/AbstractDocument.Content.html": 547,
  "https://www.cs.usfca.edu/~cs212/docs/jdk-13.0.2_doc-all/api/java.desktop/javax/swing/text/AbstractDocument.ElementEdit.html": 452,
  "https://www.cs.usfca.edu/~cs212/docs/jdk-13.0.2_doc-all/api/java.desktop/javax/swing/text/AbstractDocument.html": 4044,
  "https://www.cs.usfca.edu/~cs212/docs/jdk-13.0.2_doc-all/api/java.desktop/javax/swing/tree/AbstractLayoutCache.NodeDimensions.html": 321,
  "https://www.cs.usfca.edu/~cs212/docs/jdk-13.0.2_doc-all/api/java.desktop/javax/swing/tree/AbstractLayoutCache.html": 2065,
  "https://www.cs.usfca.edu/~cs212/docs/jdk-13.0.2_doc-all/api/java.prefs/java/util/prefs/AbstractPreferences.html": 6684,
  "https://www.cs.usfca.edu/~cs212/docs/jdk-13.0.2_doc-all/api/java.prefs/java/util/prefs/Preferences.html": 7648,
  "https://www.cs.usfca.edu/~cs212/docs/jdk-13.0.2_doc-all/api/jdk.jdi/com/sun/jdi/AbsentInformationException.html": 206,
  "https://www.cs.usfca.edu/~cs212/docs/jdk-13.0.2_doc-all/api/jdk.scripting.nashorn/jdk/nashorn/api/scripting/AbstractJSObject.html": 1628,
  "https://www.cs.usfca.edu/~cs212/docs/jdk-13.0.2_doc-all/api/jdk.sctp/com/sun/nio/sctp/AbstractNotificationHandler.html": 505,
  "https://www.cs.usfca.edu/~cs212/docs/jdk-13.0.2_doc-all/api/overview-tree.html": 8906
}