{
  "https://www.cs.usfca.edu/~cs212/guten/": 55,
  "https://www.cs.usfca.edu/~cs212/guten/1228-h/1228-h.htm": 157411,
  "https://www.cs.usfca.edu/~cs212/guten/1322-h/1322-h.htm": 125836,
  "https://www.cs.usfca.edu/~cs212/guten/1400-h/1400-h.htm": 187432,
  "https://www.cs.usfca.edu/~cs212/guten/1661-h/1661-h.htm": 107358,
  "https://www.cs.usfca.edu/~cs212/guten/22577-h/22577-h.htm": 63293,
  "https://www.cs.usfca.edu/~cs212/guten/37134-h/37134-h.htm": 16671,
  "https://www.cs.usfca.edu/~cs212/guten/50468-h/50468-h.htm": 10969
}