{
  "a": {
    "https://www.cs.usfca.edu/~cs212/docs/jdk-13.0.2_doc-all/api/java.desktop/java/awt/desktop/AboutHandler.html": [
      124,
      161
    ]
  },
  "about": {
    "https://www.cs.usfca.edu/~cs212/docs/jdk-13.0.2_doc-all/api/java.desktop/java/awt/desktop/AboutHandler.html": [
      45,
      73,
      88,
      97
    ]
  },
  "abouthandl": {
    "https://www.cs.usfca.edu/~cs212/docs/jdk-13.0.2_doc-all/api/java.desktop/java/awt/desktop/AboutHandler.html": [
      29,
      32
    ]
  },
  "affili": {
    "https://www.cs.usfca.edu/~cs212/docs/jdk-13.0.2_doc-all/api/java.desktop/java/awt/desktop/AboutHandler.html": [
      170,
      181
    ]
  },
  "all": {
    "https://www.cs.usfca.edu/~cs212/docs/jdk-13.0.2_doc-all/api/java.desktop/java/awt/desktop/AboutHandler.html": [
      53
    ]
  },
  "also": {
    "https://www.cs.usfca.edu/~cs212/docs/jdk-13.0.2_doc-all/api/java.desktop/java/awt/desktop/AboutHandler.html": [
      49
    ]
  },
  "an": {
    "https://www.cs.usfca.edu/~cs212/docs/jdk-13.0.2_doc-all/api/java.desktop/java/awt/desktop/AboutHandler.html": [
      33,
      128
    ]
  },
  "and": {
    "https://www.cs.usfca.edu/~cs212/docs/jdk-13.0.2_doc-all/api/java.desktop/java/awt/desktop/AboutHandler.html": [
      58,
      134,
      155,
      174,
      196
    ]
  },
  "andor": {
    "https://www.cs.usfca.edu/~cs212/docs/jdk-13.0.2_doc-all/api/java.desktop/java/awt/desktop/AboutHandler.html": [
      168,
      179
    ]
  },
  "api": {
    "https://www.cs.usfca.edu/~cs212/docs/jdk-13.0.2_doc-all/api/java.desktop/java/awt/desktop/AboutHandler.html": [
      132
    ]
  },
  "app": {
    "https://www.cs.usfca.edu/~cs212/docs/jdk-13.0.2_doc-all/api/java.desktop/java/awt/desktop/AboutHandler.html": [
      39
    ]
  },
  "applic": {
    "https://www.cs.usfca.edu/~cs212/docs/jdk-13.0.2_doc-all/api/java.desktop/java/awt/desktop/AboutHandler.html": [
      67,
      82
    ]
  },
  "ask": {
    "https://www.cs.usfca.edu/~cs212/docs/jdk-13.0.2_doc-all/api/java.desktop/java/awt/desktop/AboutHandler.html": [
      41,
      69,
      84
    ]
  },
  "bug": {
    "https://www.cs.usfca.edu/~cs212/docs/jdk-13.0.2_doc-all/api/java.desktop/java/awt/desktop/AboutHandler.html": [
      125
    ]
  },
  "ca": {
    "https://www.cs.usfca.edu/~cs212/docs/jdk-13.0.2_doc-all/api/java.desktop/java/awt/desktop/AboutHandler.html": [
      186
    ]
  },
  "call": {
    "https://www.cs.usfca.edu/~cs212/docs/jdk-13.0.2_doc-all/api/java.desktop/java/awt/desktop/AboutHandler.html": [
      64,
      79
    ]
  },
  "class": {
    "https://www.cs.usfca.edu/~cs212/docs/jdk-13.0.2_doc-all/api/java.desktop/java/awt/desktop/AboutHandler.html": [
      7,
      105
    ]
  },
  "code": {
    "https://www.cs.usfca.edu/~cs212/docs/jdk-13.0.2_doc-all/api/java.desktop/java/awt/desktop/AboutHandler.html": [
      157
    ]
  },
  "conceptu": {
    "https://www.cs.usfca.edu/~cs212/docs/jdk-13.0.2_doc-all/api/java.desktop/java/awt/desktop/AboutHandler.html": [
      149
    ]
  },
  "constr": {
    "https://www.cs.usfca.edu/~cs212/docs/jdk-13.0.2_doc-all/api/java.desktop/java/awt/desktop/AboutHandler.html": [
      19,
      23,
      117,
      121
    ]
  },
  "contain": {
    "https://www.cs.usfca.edu/~cs212/docs/jdk-13.0.2_doc-all/api/java.desktop/java/awt/desktop/AboutHandler.html": [
      143
    ]
  },
  "copyright": {
    "https://www.cs.usfca.edu/~cs212/docs/jdk-13.0.2_doc-all/api/java.desktop/java/awt/desktop/AboutHandler.html": [
      177
    ]
  },
  "countri": {
    "https://www.cs.usfca.edu/~cs212/docs/jdk-13.0.2_doc-all/api/java.desktop/java/awt/desktop/AboutHandler.html": [
      176
    ]
  },
  "definit": {
    "https://www.cs.usfca.edu/~cs212/docs/jdk-13.0.2_doc-all/api/java.desktop/java/awt/desktop/AboutHandler.html": [
      151
    ]
  },
  "deprec": {
    "https://www.cs.usfca.edu/~cs212/docs/jdk-13.0.2_doc-all/api/java.desktop/java/awt/desktop/AboutHandler.html": [
      10,
      108
    ]
  },
  "descript": {
    "https://www.cs.usfca.edu/~cs212/docs/jdk-13.0.2_doc-all/api/java.desktop/java/awt/desktop/AboutHandler.html": [
      61,
      147
    ]
  },
  "desktopsetabouthandlerabouthandl": {
    "https://www.cs.usfca.edu/~cs212/docs/jdk-13.0.2_doc-all/api/java.desktop/java/awt/desktop/AboutHandler.html": [
      50
    ]
  },
  "detail": {
    "https://www.cs.usfca.edu/~cs212/docs/jdk-13.0.2_doc-all/api/java.desktop/java/awt/desktop/AboutHandler.html": [
      21,
      76,
      119,
      145
    ]
  },
  "develop": {
    "https://www.cs.usfca.edu/~cs212/docs/jdk-13.0.2_doc-all/api/java.desktop/java/awt/desktop/AboutHandler.html": [
      135
    ]
  },
  "developertarget": {
    "https://www.cs.usfca.edu/~cs212/docs/jdk-13.0.2_doc-all/api/java.desktop/java/awt/desktop/AboutHandler.html": [
      146
    ]
  },
  "dialog": {
    "https://www.cs.usfca.edu/~cs212/docs/jdk-13.0.2_doc-all/api/java.desktop/java/awt/desktop/AboutHandler.html": [
      46,
      74,
      89,
      98
    ]
  },
  "document": {
    "https://www.cs.usfca.edu/~cs212/docs/jdk-13.0.2_doc-all/api/java.desktop/java/awt/desktop/AboutHandler.html": [
      136,
      141,
      198
    ]
  },
  "e": {
    "https://www.cs.usfca.edu/~cs212/docs/jdk-13.0.2_doc-all/api/java.desktop/java/awt/desktop/AboutHandler.html": [
      91
    ]
  },
  "enhanc": {
    "https://www.cs.usfca.edu/~cs212/docs/jdk-13.0.2_doc-all/api/java.desktop/java/awt/desktop/AboutHandler.html": [
      129
    ]
  },
  "exampl": {
    "https://www.cs.usfca.edu/~cs212/docs/jdk-13.0.2_doc-all/api/java.desktop/java/awt/desktop/AboutHandler.html": [
      158
    ]
  },
  "field": {
    "https://www.cs.usfca.edu/~cs212/docs/jdk-13.0.2_doc-all/api/java.desktop/java/awt/desktop/AboutHandler.html": [
      18,
      22,
      116,
      120
    ]
  },
  "for": {
    "https://www.cs.usfca.edu/~cs212/docs/jdk-13.0.2_doc-all/api/java.desktop/java/awt/desktop/AboutHandler.html": [
      130
    ]
  },
  "further": {
    "https://www.cs.usfca.edu/~cs212/docs/jdk-13.0.2_doc-all/api/java.desktop/java/awt/desktop/AboutHandler.html": [
      131
    ]
  },
  "handleabout": {
    "https://www.cs.usfca.edu/~cs212/docs/jdk-13.0.2_doc-all/api/java.desktop/java/awt/desktop/AboutHandler.html": [
      77
    ]
  },
  "handleaboutaboutevent": {
    "https://www.cs.usfca.edu/~cs212/docs/jdk-13.0.2_doc-all/api/java.desktop/java/awt/desktop/AboutHandler.html": [
      63
    ]
  },
  "help": {
    "https://www.cs.usfca.edu/~cs212/docs/jdk-13.0.2_doc-all/api/java.desktop/java/awt/desktop/AboutHandler.html": [
      12,
      110
    ]
  },
  "implement": {
    "https://www.cs.usfca.edu/~cs212/docs/jdk-13.0.2_doc-all/api/java.desktop/java/awt/desktop/AboutHandler.html": [
      34
    ]
  },
  "in": {
    "https://www.cs.usfca.edu/~cs212/docs/jdk-13.0.2_doc-all/api/java.desktop/java/awt/desktop/AboutHandler.html": [
      171
    ]
  },
  "index": {
    "https://www.cs.usfca.edu/~cs212/docs/jdk-13.0.2_doc-all/api/java.desktop/java/awt/desktop/AboutHandler.html": [
      11,
      109
    ]
  },
  "interfac": {
    "https://www.cs.usfca.edu/~cs212/docs/jdk-13.0.2_doc-all/api/java.desktop/java/awt/desktop/AboutHandler.html": [
      28,
      31
    ]
  },
  "is": {
    "https://www.cs.usfca.edu/~cs212/docs/jdk-13.0.2_doc-all/api/java.desktop/java/awt/desktop/AboutHandler.html": [
      40,
      68,
      83,
      160,
      191
    ]
  },
  "it": {
    "https://www.cs.usfca.edu/~cs212/docs/jdk-13.0.2_doc-all/api/java.desktop/java/awt/desktop/AboutHandler.html": [
      44,
      72,
      87,
      169,
      180
    ]
  },
  "java": {
    "https://www.cs.usfca.edu/~cs212/docs/jdk-13.0.2_doc-all/api/java.desktop/java/awt/desktop/AboutHandler.html": [
      13,
      111,
      139,
      159
    ]
  },
  "jdk": {
    "https://www.cs.usfca.edu/~cs212/docs/jdk-13.0.2_doc-all/api/java.desktop/java/awt/desktop/AboutHandler.html": [
      15,
      113
    ]
  },
  "licens": {
    "https://www.cs.usfca.edu/~cs212/docs/jdk-13.0.2_doc-all/api/java.desktop/java/awt/desktop/AboutHandler.html": [
      194
    ]
  },
  "link": {
    "https://www.cs.usfca.edu/~cs212/docs/jdk-13.0.2_doc-all/api/java.desktop/java/awt/desktop/AboutHandler.html": [
      3,
      101
    ]
  },
  "method": {
    "https://www.cs.usfca.edu/~cs212/docs/jdk-13.0.2_doc-all/api/java.desktop/java/awt/desktop/AboutHandler.html": [
      20,
      24,
      51,
      56,
      60,
      75,
      118,
      122
    ]
  },
  "methodsabstract": {
    "https://www.cs.usfca.edu/~cs212/docs/jdk-13.0.2_doc-all/api/java.desktop/java/awt/desktop/AboutHandler.html": [
      55
    ]
  },
  "methodsinst": {
    "https://www.cs.usfca.edu/~cs212/docs/jdk-13.0.2_doc-all/api/java.desktop/java/awt/desktop/AboutHandler.html": [
      54
    ]
  },
  "modifi": {
    "https://www.cs.usfca.edu/~cs212/docs/jdk-13.0.2_doc-all/api/java.desktop/java/awt/desktop/AboutHandler.html": [
      57
    ]
  },
  "modul": {
    "https://www.cs.usfca.edu/~cs212/docs/jdk-13.0.2_doc-all/api/java.desktop/java/awt/desktop/AboutHandler.html": [
      5,
      103
    ]
  },
  "modulejavadesktop": {
    "https://www.cs.usfca.edu/~cs212/docs/jdk-13.0.2_doc-all/api/java.desktop/java/awt/desktop/AboutHandler.html": [
      26
    ]
  },
  "more": {
    "https://www.cs.usfca.edu/~cs212/docs/jdk-13.0.2_doc-all/api/java.desktop/java/awt/desktop/AboutHandler.html": [
      144
    ]
  },
  "navig": {
    "https://www.cs.usfca.edu/~cs212/docs/jdk-13.0.2_doc-all/api/java.desktop/java/awt/desktop/AboutHandler.html": [
      2,
      100
    ]
  },
  "nest": {
    "https://www.cs.usfca.edu/~cs212/docs/jdk-13.0.2_doc-all/api/java.desktop/java/awt/desktop/AboutHandler.html": [
      17,
      115
    ]
  },
  "notif": {
    "https://www.cs.usfca.edu/~cs212/docs/jdk-13.0.2_doc-all/api/java.desktop/java/awt/desktop/AboutHandler.html": [
      36
    ]
  },
  "of": {
    "https://www.cs.usfca.edu/~cs212/docs/jdk-13.0.2_doc-all/api/java.desktop/java/awt/desktop/AboutHandler.html": [
      152,
      166
    ]
  },
  "or": {
    "https://www.cs.usfca.edu/~cs212/docs/jdk-13.0.2_doc-all/api/java.desktop/java/awt/desktop/AboutHandler.html": [
      126,
      163
    ]
  },
  "oracl": {
    "https://www.cs.usfca.edu/~cs212/docs/jdk-13.0.2_doc-all/api/java.desktop/java/awt/desktop/AboutHandler.html": [
      167,
      178,
      182
    ]
  },
  "other": {
    "https://www.cs.usfca.edu/~cs212/docs/jdk-13.0.2_doc-all/api/java.desktop/java/awt/desktop/AboutHandler.html": [
      175
    ]
  },
  "overview": {
    "https://www.cs.usfca.edu/~cs212/docs/jdk-13.0.2_doc-all/api/java.desktop/java/awt/desktop/AboutHandler.html": [
      4,
      102,
      150
    ]
  },
  "packag": {
    "https://www.cs.usfca.edu/~cs212/docs/jdk-13.0.2_doc-all/api/java.desktop/java/awt/desktop/AboutHandler.html": [
      6,
      104
    ]
  },
  "packagejavaawtdesktop": {
    "https://www.cs.usfca.edu/~cs212/docs/jdk-13.0.2_doc-all/api/java.desktop/java/awt/desktop/AboutHandler.html": [
      27
    ]
  },
  "paramet": {
    "https://www.cs.usfca.edu/~cs212/docs/jdk-13.0.2_doc-all/api/java.desktop/java/awt/desktop/AboutHandler.html": [
      90
    ]
  },
  "parkway": {
    "https://www.cs.usfca.edu/~cs212/docs/jdk-13.0.2_doc-all/api/java.desktop/java/awt/desktop/AboutHandler.html": [
      183
    ]
  },
  "polici": {
    "https://www.cs.usfca.edu/~cs212/docs/jdk-13.0.2_doc-all/api/java.desktop/java/awt/desktop/AboutHandler.html": [
      200
    ]
  },
  "public": {
    "https://www.cs.usfca.edu/~cs212/docs/jdk-13.0.2_doc-all/api/java.desktop/java/awt/desktop/AboutHandler.html": [
      30
    ]
  },
  "receiv": {
    "https://www.cs.usfca.edu/~cs212/docs/jdk-13.0.2_doc-all/api/java.desktop/java/awt/desktop/AboutHandler.html": [
      35
    ]
  },
  "redistribut": {
    "https://www.cs.usfca.edu/~cs212/docs/jdk-13.0.2_doc-all/api/java.desktop/java/awt/desktop/AboutHandler.html": [
      199
    ]
  },
  "redwood": {
    "https://www.cs.usfca.edu/~cs212/docs/jdk-13.0.2_doc-all/api/java.desktop/java/awt/desktop/AboutHandler.html": [
      184
    ]
  },
  "refer": {
    "https://www.cs.usfca.edu/~cs212/docs/jdk-13.0.2_doc-all/api/java.desktop/java/awt/desktop/AboutHandler.html": [
      133
    ]
  },
  "regist": {
    "https://www.cs.usfca.edu/~cs212/docs/jdk-13.0.2_doc-all/api/java.desktop/java/awt/desktop/AboutHandler.html": [
      164
    ]
  },
  "report": {
    "https://www.cs.usfca.edu/~cs212/docs/jdk-13.0.2_doc-all/api/java.desktop/java/awt/desktop/AboutHandler.html": [
      123
    ]
  },
  "request": {
    "https://www.cs.usfca.edu/~cs212/docs/jdk-13.0.2_doc-all/api/java.desktop/java/awt/desktop/AboutHandler.html": [
      93
    ]
  },
  "reserv": {
    "https://www.cs.usfca.edu/~cs212/docs/jdk-13.0.2_doc-all/api/java.desktop/java/awt/desktop/AboutHandler.html": [
      189
    ]
  },
  "right": {
    "https://www.cs.usfca.edu/~cs212/docs/jdk-13.0.2_doc-all/api/java.desktop/java/awt/desktop/AboutHandler.html": [
      188
    ]
  },
  "se": {
    "https://www.cs.usfca.edu/~cs212/docs/jdk-13.0.2_doc-all/api/java.desktop/java/awt/desktop/AboutHandler.html": [
      14,
      112,
      140
    ]
  },
  "search": {
    "https://www.cs.usfca.edu/~cs212/docs/jdk-13.0.2_doc-all/api/java.desktop/java/awt/desktop/AboutHandler.html": [
      25
    ]
  },
  "see": {
    "https://www.cs.usfca.edu/~cs212/docs/jdk-13.0.2_doc-all/api/java.desktop/java/awt/desktop/AboutHandler.html": [
      48,
      137
    ]
  },
  "shore": {
    "https://www.cs.usfca.edu/~cs212/docs/jdk-13.0.2_doc-all/api/java.desktop/java/awt/desktop/AboutHandler.html": [
      185
    ]
  },
  "show": {
    "https://www.cs.usfca.edu/~cs212/docs/jdk-13.0.2_doc-all/api/java.desktop/java/awt/desktop/AboutHandler.html": [
      43,
      71,
      86,
      95
    ]
  },
  "sinc": {
    "https://www.cs.usfca.edu/~cs212/docs/jdk-13.0.2_doc-all/api/java.desktop/java/awt/desktop/AboutHandler.html": [
      47
    ]
  },
  "skip": {
    "https://www.cs.usfca.edu/~cs212/docs/jdk-13.0.2_doc-all/api/java.desktop/java/awt/desktop/AboutHandler.html": [
      1,
      99
    ]
  },
  "subject": {
    "https://www.cs.usfca.edu/~cs212/docs/jdk-13.0.2_doc-all/api/java.desktop/java/awt/desktop/AboutHandler.html": [
      192
    ]
  },
  "suggest": {
    "https://www.cs.usfca.edu/~cs212/docs/jdk-13.0.2_doc-all/api/java.desktop/java/awt/desktop/AboutHandler.html": [
      127
    ]
  },
  "summari": {
    "https://www.cs.usfca.edu/~cs212/docs/jdk-13.0.2_doc-all/api/java.desktop/java/awt/desktop/AboutHandler.html": [
      16,
      52,
      114
    ]
  },
  "term": {
    "https://www.cs.usfca.edu/~cs212/docs/jdk-13.0.2_doc-all/api/java.desktop/java/awt/desktop/AboutHandler.html": [
      153,
      195
    ]
  },
  "the": {
    "https://www.cs.usfca.edu/~cs212/docs/jdk-13.0.2_doc-all/api/java.desktop/java/awt/desktop/AboutHandler.html": [
      38,
      66,
      81,
      92,
      96,
      138,
      172,
      197
    ]
  },
  "to": {
    "https://www.cs.usfca.edu/~cs212/docs/jdk-13.0.2_doc-all/api/java.desktop/java/awt/desktop/AboutHandler.html": [
      42,
      70,
      85,
      94,
      193
    ]
  },
  "trademark": {
    "https://www.cs.usfca.edu/~cs212/docs/jdk-13.0.2_doc-all/api/java.desktop/java/awt/desktop/AboutHandler.html": [
      162,
      165
    ]
  },
  "tree": {
    "https://www.cs.usfca.edu/~cs212/docs/jdk-13.0.2_doc-all/api/java.desktop/java/awt/desktop/AboutHandler.html": [
      9,
      107
    ]
  },
  "type": {
    "https://www.cs.usfca.edu/~cs212/docs/jdk-13.0.2_doc-all/api/java.desktop/java/awt/desktop/AboutHandler.html": [
      59
    ]
  },
  "us": {
    "https://www.cs.usfca.edu/~cs212/docs/jdk-13.0.2_doc-all/api/java.desktop/java/awt/desktop/AboutHandler.html": [
      173
    ]
  },
  "usaal": {
    "https://www.cs.usfca.edu/~cs212/docs/jdk-13.0.2_doc-all/api/java.desktop/java/awt/desktop/AboutHandler.html": [
      187
    ]
  },
  "use": {
    "https://www.cs.usfca.edu/~cs212/docs/jdk-13.0.2_doc-all/api/java.desktop/java/awt/desktop/AboutHandler.html": [
      8,
      106,
      190
    ]
  },
  "void": {
    "https://www.cs.usfca.edu/~cs212/docs/jdk-13.0.2_doc-all/api/java.desktop/java/awt/desktop/AboutHandler.html": [
      62
    ]
  },
  "voidhandleaboutaboutevent": {
    "https://www.cs.usfca.edu/~cs212/docs/jdk-13.0.2_doc-all/api/java.desktop/java/awt/desktop/AboutHandler.html": [
      78
    ]
  },
  "when": {
    "https://www.cs.usfca.edu/~cs212/docs/jdk-13.0.2_doc-all/api/java.desktop/java/awt/desktop/AboutHandler.html": [
      37,
      65,
      80
    ]
  },
  "which": {
    "https://www.cs.usfca.edu/~cs212/docs/jdk-13.0.2_doc-all/api/java.desktop/java/awt/desktop/AboutHandler.html": [
      142
    ]
  },
  "with": {
    "https://www.cs.usfca.edu/~cs212/docs/jdk-13.0.2_doc-all/api/java.desktop/java/awt/desktop/AboutHandler.html": [
      148
    ]
  },
  "work": {
    "https://www.cs.usfca.edu/~cs212/docs/jdk-13.0.2_doc-all/api/java.desktop/java/awt/desktop/AboutHandler.html": [
      156
    ]
  },
  "workaround": {
    "https://www.cs.usfca.edu/~cs212/docs/jdk-13.0.2_doc-all/api/java.desktop/java/awt/desktop/AboutHandler.html": [
      154
    ]
  }
}